uv : warning: No `requires-python` value found in the workspace. Defaulting to `>=3.11`.
発生場所 行:1 文字:1
+ uv run pytest tests/unit/test_server_robustness.py::test_ensure_initi ...
+ ~~~~~~~~~~~~~~~~~~~~~~~~~~~~~~~~~~~~~~~~~~~~~~~~~~~~~~~~~~~~~~~~~~~~~
    + CategoryInfo          : NotSpecified: (warning: No `re...ng to `>=3.11`.:String) [], RemoteException
    + FullyQualifiedErrorId : NativeCommandError
 
============================= test session starts =============================
platform win32 -- Python 3.11.3, pytest-9.0.3, pluggy-1.6.0
rootdir: C:\Users\saiha\My_Service\programing\MCP\SharedMemoryServer
configfile: pyproject.toml
plugins: anyio-4.13.0, langsmith-0.7.33, asyncio-1.3.0, cov-7.1.0, timeout-2.4.0
asyncio: mode=Mode.AUTO, debug=False, asyncio_default_fixture_loop_scope=function, asyncio_default_test_loop_scope=function
collected 1 item

tests\unit\test_server_robustness.py F                                   [100%]

================================== FAILURES ===================================
________________________ test_ensure_initialized_waits ________________________

fake_llm = <tests.unit.fake_client.FakeGeminiClient object at 0x000001DEB5FC4D10>

    @pytest.mark.asyncio
    @pytest.mark.unit
    async def test_ensure_initialized_waits(fake_llm):
        """ensure_initialized が初期化完了まで待機することを検証"""
        # 初期状態を未初期化に設定
        server._INIT_STARTED = True  # すでに開始されていると見せかける
        if server._INITIALIZED_EVENT is None:
            server._INITIALIZED_EVENT = asyncio.Event()
        else:
            server._INITIALIZED_EVENT.clear()
        server._INIT_ERROR = None
    
        # 200ms後に初期化を完了させるタスク
        async def finish_init_delayed():
            await asyncio.sleep(0.2)
            server._INITIALIZED_EVENT.set()
    
        asyncio.create_task(finish_init_delayed())
    
        # ensure_initialized を呼び出し(待機が発生するはず)
>       await asyncio.wait_for(server.ensure_initialized(), timeout=1.0)

tests\unit\test_server_robustness.py:29: 
_ _ _ _ _ _ _ _ _ _ _ _ _ _ _ _ _ _ _ _ _ _ _ _ _ _ _ _ _ _ _ _ _ _ _ _ _ _ _ _
..\..\..\..\AppData\Roaming\uv\python\cpython-3.11.3-windows-x86_64-none\Lib\asyncio\tasks.py:479: in wait_for
    return fut.result()
           ^^^^^^^^^^^^
_ _ _ _ _ _ _ _ _ _ _ _ _ _ _ _ _ _ _ _ _ _ _ _ _ _ _ _ _ _ _ _ _ _ _ _ _ _ _ _

    async def ensure_initialized():
        """Guard for tool execution."""
        global _INIT_STARTED, _INITIALIZED_EVENT, _INIT_ERROR
    
        if _INITIALIZED_EVENT and _INITIALIZED_EVENT.is_set() and not _INIT_ERROR:
            return
    
        if _INIT_ERROR:
            raise RuntimeError(f"Server failed to initialize: {_INIT_ERROR}")
    
>       async with _INIT_LOCK:
E       TypeError: 'NoneType' object does not support the asynchronous context manager protocol

src\shared_memory\api\server.py:261: TypeError
---------------------------- Captured stdout setup ----------------------------
\x1b[32m2026-05-04 10:23:24\x1b[0m | \x1b[1mINFO   \x1b[0m | \x1b[36mshared_memory.infra.database\x1b[0m:\x1b[36mclose_all_connections\x1b[0m:\x1b[36m151\x1b[0m - \x1b[1mClosing all singleton database connections...\x1b[0m\n--- Logging error in Loguru Handler #2 ---\nRecord was: {'elapsed': datetime.timedelta(seconds=2, microseconds=501566), 'exception': None, 'extra': {'name': 'shared_memory.database'}, 'file': (name='database.py', path='C:\\\\Users\\\\saiha\\\\My_Service\\\\programing\\\\MCP\\\\SharedMemoryServer\\\\src\\\\shared_memory\\\\infra\\\\database.py'), 'function': 'close_all_connections', 'level': (name='INFO', no=20, icon='\u2139\ufe0f'), 'line': 151, 'message': 'Closing all singleton database connections...', 'module': 'database', 'name': 'shared_memory.infra.database', 'process': (id=47576, name='MainProcess'), 'thread': (id=6640, name='MainThread'), 'time': datetime(2026, 5, 4, 10, 23, 24, 362278, tzinfo=datetime.timezone(datetime.timedelta(seconds=32400), '\u6771\u4eac (\u6a19\u6e96\u6642)'))}\nTraceback (most recent call last):\n  File "C:\\Users\\saiha\\My_Service\\programing\\MCP\\SharedMemoryServer\\.venv\\Lib\\site-packages\\loguru\\_handler.py", line 206, in emit\n    self._sink.write(str_record)\n  File "C:\\Users\\saiha\\My_Service\\programing\\MCP\\SharedMemoryServer\\.venv\\Lib\\site-packages\\loguru\\_file_sink.py", line 204, in write\n    self._terminate_file(is_rotating=True)\n  File "C:\\Users\\saiha\\My_Service\\programing\\MCP\\SharedMemoryServer\\.venv\\Lib\\site-packages\\loguru\\_file_sink.py", line 276, in _terminate_file\n    os.rename(old_path, renamed_path)\nPermissionError: [WinError 32] \u30d7\u30ed\u30bb\u30b9\u306f\u30d5\u30a1\u30a4\u30eb\u306b\u30a2\u30af\u30bb\u30b9\u3067\u304d\u307e\u305b\u3093\u3002\u5225\u306e\u30d7\u30ed\u30bb\u30b9\u304c\u4f7f\u7528\u4e2d\u3067\u3059\u3002: 'C:\\\\Users\\\\saiha\\\\My_Service\\\\programing\\\\MCP\\\\SharedMemoryServer\\\\logs\\\\server.jsonl' -> 'C:\\\\Users\\\\saiha\\\\My_Service\\\\programing\\\\MCP\\\\SharedMemoryServer\\\\logs\\\\server.2026-05-04_10-00-32_933168.jsonl'\n--- End of logging error ---\n\x1b[32m2026-05-04 10:23:24\x1b[0m | \x1b[1mINFO   \x1b[0m | \x1b[36mshared_memory.infra.database\x1b[0m:\x1b[36minit_db\x1b[0m:\x1b[36m221\x1b[0m - \x1b[1mInitializing main database (force=True)...\x1b[0m\n--- Logging error in Loguru Handler #2 ---\nRecord was: {'elapsed': datetime.timedelta(seconds=2, microseconds=503196), 'exception': None, 'extra': {'name': 'shared_memory.database'}, 'file': (name='database.py', path='C:\\\\Users\\\\saiha\\\\My_Service\\\\programing\\\\MCP\\\\SharedMemoryServer\\\\src\\\\shared_memory\\\\infra\\\\database.py'), 'function': 'init_db', 'level': (name='INFO', no=20, icon='\u2139\ufe0f'), 'line': 221, 'message': 'Initializing main database (force=True)...', 'module': 'database', 'name': 'shared_memory.infra.database', 'process': (id=47576, name='MainProcess'), 'thread': (id=6640, name='MainThread'), 'time': datetime(2026, 5, 4, 10, 23, 24, 363908, tzinfo=datetime.timezone(datetime.timedelta(seconds=32400), '\u6771\u4eac (\u6a19\u6e96\u6642)'))}\nTraceback (most recent call last):\n  File "C:\\Users\\saiha\\My_Service\\programing\\MCP\\SharedMemoryServer\\.venv\\Lib\\site-packages\\loguru\\_handler.py", line 206, in emit\n    self._sink.write(str_record)\n  File "C:\\Users\\saiha\\My_Service\\programing\\MCP\\SharedMemoryServer\\.venv\\Lib\\site-packages\\loguru\\_file_sink.py", line 204, in write\n    self._terminate_file(is_rotating=True)\n  File "C:\\Users\\saiha\\My_Service\\programing\\MCP\\SharedMemoryServer\\.venv\\Lib\\site-packages\\loguru\\_file_sink.py", line 276, in _terminate_file\n    os.rename(old_path, renamed_path)\nPermissionError: [WinError 32] \u30d7\u30ed\u30bb\u30b9\u306f\u30d5\u30a1\u30a4\u30eb\u306b\u30a2\u30af\u30bb\u30b9\u3067\u304d\u307e\u305b\u3093\u3002\u5225\u306e\u30d7\u30ed\u30bb\u30b9\u304c\u4f7f\u7528\u4e2d\u3067\u3059\u3002: 'C:\\\\Users\\\\saiha\\\\My_Service\\\\programing\\\\MCP\\\\SharedMemoryServer\\\\logs\\\\server.jsonl' -> 'C:\\\\Users\\\\saiha\\\\My_Service\\\\programing\\\\MCP\\\\SharedMemoryServer\\\\logs\\\\server.2026-05-04_10-00-32_933168.jsonl'\n--- End of logging error ---\n\x1b[32m2026-05-04 10:23:24\x1b[0m | \x1b[1mINFO   \x1b[0m | \x1b[36mshared_memory.infra.database\x1b[0m:\x1b[36m__aenter__\x1b[0m:\x1b[36m108\x1b[0m - \x1b[1mEstablishing NEW singleton connection to: C:\\Users\\saiha\\AppData\\Local\\Temp\\sm_test_ahog_87q\\knowledge.db\x1b[0m\n--- Logging error in Loguru Handler #2 ---\nRecord was: {'elapsed': datetime.timedelta(seconds=2, microseconds=505295), 'exception': None, 'extra': {'name': 'shared_memory.database'}, 'file': (name='database.py', path='C:\\\\Users\\\\saiha\\\\My_Service\\\\programing\\\\MCP\\\\SharedMemoryServer\\\\src\\\\shared_memory\\\\infra\\\\database.py'), 'function': '__aenter__', 'level': (name='INFO', no=20, icon='\u2139\ufe0f'), 'line': 108, 'message': 'Establishing NEW singleton connection to: C:\\\\Users\\\\saiha\\\\AppData\\\\Local\\\\Temp\\\\sm_test_ahog_87q\\\\knowledge.db', 'module': 'database', 'name': 'shared_memory.infra.database', 'process': (id=47576, name='MainProcess'), 'thread': (id=6640, name='MainThread'), 'time': datetime(2026, 5, 4, 10, 23, 24, 366007, tzinfo=datetime.timezone(datetime.timedelta(seconds=32400), '\u6771\u4eac (\u6a19\u6e96\u6642)'))}\nTraceback (most recent call last):\n  File "C:\\Users\\saiha\\My_Service\\programing\\MCP\\SharedMemoryServer\\.venv\\Lib\\site-packages\\loguru\\_handler.py", line 206, in emit\n    self._sink.write(str_record)\n  File "C:\\Users\\saiha\\My_Service\\programing\\MCP\\SharedMemoryServer\\.venv\\Lib\\site-packages\\loguru\\_file_sink.py", line 204, in write\n    self._terminate_file(is_rotating=True)\n  File "C:\\Users\\saiha\\My_Service\\programing\\MCP\\SharedMemoryServer\\.venv\\Lib\\site-packages\\loguru\\_file_sink.py", line 276, in _terminate_file\n    os.rename(old_path, renamed_path)\nPermissionError: [WinError 32] \u30d7\u30ed\u30bb\u30b9\u306f\u30d5\u30a1\u30a4\u30eb\u306b\u30a2\u30af\u30bb\u30b9\u3067\u304d\u307e\u305b\u3093\u3002\u5225\u306e\u30d7\u30ed\u30bb\u30b9\u304c\u4f7f\u7528\u4e2d\u3067\u3059\u3002: 'C:\\\\Users\\\\saiha\\\\My_Service\\\\programing\\\\MCP\\\\SharedMemoryServer\\\\logs\\\\server.jsonl' -> 'C:\\\\Users\\\\saiha\\\\My_Service\\\\programing\\\\MCP\\\\SharedMemoryServer\\\\logs\\\\server.2026-05-04_10-00-32_933168.jsonl'\n--- End of logging error ---\n\x1b[32m2026-05-04 10:23:24\x1b[0m | \x1b[1mINFO   \x1b[0m | \x1b[36mshared_memory.infra.database\x1b[0m:\x1b[36m__aenter__\x1b[0m:\x1b[36m116\x1b[0m - \x1b[1mMain connection successfully established and configured.\x1b[0m\n--- Logging error in Loguru Handler #2 ---\nRecord was: {'elapsed': datetime.timedelta(seconds=2, microseconds=511614), 'exception': None, 'extra': {'name': 'shared_memory.database'}, 'file': (name='database.py', path='C:\\\\Users\\\\saiha\\\\My_Service\\\\programing\\\\MCP\\\\SharedMemoryServer\\\\src\\\\shared_memory\\\\infra\\\\database.py'), 'function': '__aenter__', 'level': (name='INFO', no=20, icon='\u2139\ufe0f'), 'line': 116, 'message': 'Main connection successfully established and configured.', 'module': 'database', 'name': 'shared_memory.infra.database', 'process': (id=47576, name='MainProcess'), 'thread': (id=6640, name='MainThread'), 'time': datetime(2026, 5, 4, 10, 23, 24, 372326, tzinfo=datetime.timezone(datetime.timedelta(seconds=32400), '\u6771\u4eac (\u6a19\u6e96\u6642)'))}\nTraceback (most recent call last):\n  File "C:\\Users\\saiha\\My_Service\\programing\\MCP\\SharedMemoryServer\\.venv\\Lib\\site-packages\\loguru\\_handler.py", line 206, in emit\n    self._sink.write(str_record)\n  File "C:\\Users\\saiha\\My_Service\\programing\\MCP\\SharedMemoryServer\\.venv\\Lib\\site-packages\\loguru\\_file_sink.py", line 204, in write\n    self._terminate_file(is_rotating=True)\n  File "C:\\Users\\saiha\\My_Service\\programing\\MCP\\SharedMemoryServer\\.venv\\Lib\\site-packages\\loguru\\_file_sink.py", line 276, in _terminate_file\n    os.rename(old_path, renamed_path)\nPermissionError: [WinError 32] \u30d7\u30ed\u30bb\u30b9\u306f\u30d5\u30a1\u30a4\u30eb\u306b\u30a2\u30af\u30bb\u30b9\u3067\u304d\u307e\u305b\u3093\u3002\u5225\u306e\u30d7\u30ed\u30bb\u30b9\u304c\u4f7f\u7528\u4e2d\u3067\u3059\u3002: 'C:\\\\Users\\\\saiha\\\\My_Service\\\\programing\\\\MCP\\\\SharedMemoryServer\\\\logs\\\\server.jsonl' -> 'C:\\\\Users\\\\saiha\\\\My_Service\\\\programing\\\\MCP\\\\SharedMemoryServer\\\\logs\\\\server.2026-05-04_10-00-32_933168.jsonl'\n--- End of logging error ---\n\x1b[32m2026-05-04 10:23:24\x1b[0m | \x1b[1mINFO   \x1b[0m | \x1b[36mshared_memory.infra.database\x1b[0m:\x1b[36minit_db\x1b[0m:\x1b[36m231\x1b[0m - \x1b[1mDB Integrity Check: PASSED.\x1b[0m\n--- Logging error in Loguru Handler #2 ---\nRecord was: {'elapsed': datetime.timedelta(seconds=2, microseconds=513731), 'exception': None, 'extra': {'name': 'shared_memory.database'}, 'file': (name='database.py', path='C:\\\\Users\\\\saiha\\\\My_Service\\\\programing\\\\MCP\\\\SharedMemoryServer\\\\src\\\\shared_memory\\\\infra\\\\database.py'), 'function': 'init_db', 'level': (name='INFO', no=20, icon='\u2139\ufe0f'), 'line': 231, 'message': 'DB Integrity Check: PASSED.', 'module': 'database', 'name': 'shared_memory.infra.database', 'process': (id=47576, name='MainProcess'), 'thread': (id=6640, name='MainThread'), 'time': datetime(2026, 5, 4, 10, 23, 24, 374443, tzinfo=datetime.timezone(datetime.timedelta(seconds=32400), '\u6771\u4eac (\u6a19\u6e96\u6642)'))}\nTraceback (most recent call last):\n  File "C:\\Users\\saiha\\My_Service\\programing\\MCP\\SharedMemoryServer\\.venv\\Lib\\site-packages\\loguru\\_handler.py", line 206, in emit\n    self._sink.write(str_record)\n  File "C:\\Users\\saiha\\My_Service\\programing\\MCP\\SharedMemoryServer\\.venv\\Lib\\site-packages\\loguru\\_file_sink.py", line 204, in write\n    self._terminate_file(is_rotating=True)\n  File "C:\\Users\\saiha\\My_Service\\programing\\MCP\\SharedMemoryServer\\.venv\\Lib\\site-packages\\loguru\\_file_sink.py", line 276, in _terminate_file\n    os.rename(old_path, renamed_path)\nPermissionError: [WinError 32] \u30d7\u30ed\u30bb\u30b9\u306f\u30d5\u30a1\u30a4\u30eb\u306b\u30a2\u30af\u30bb\u30b9\u3067\u304d\u307e\u305b\u3093\u3002\u5225\u306e\u30d7\u30ed\u30bb\u30b9\u304c\u4f7f\u7528\u4e2d\u3067\u3059\u3002: 'C:\\\\Users\\\\saiha\\\\My_Service\\\\programing\\\\MCP\\\\SharedMemoryServer\\\\logs\\\\server.jsonl' -> 'C:\\\\Users\\\\saiha\\\\My_Service\\\\programing\\\\MCP\\\\SharedMemoryServer\\\\logs\\\\server.2026-05-04_10-00-32_933168.jsonl'\n--- End of logging error ---\n\x1b[32m2026-05-04 10:23:24\x1b[0m | \x1b[1mINFO   \x1b[0m | \x1b[36mshared_memory.infra.database\x1b[0m:\x1b[36minit_db\x1b[0m:\x1b[36m236\x1b[0m - \x1b[1mStarting table creation/verification sequence...\x1b[0m\n--- Logging error in Loguru Handler #2 ---\nRecord was: {'elapsed': datetime.timedelta(seconds=2, microseconds=515272), 'exception': None, 'extra': {'name': 'shared_memory.database'}, 'file': (name='database.py', path='C:\\\\Users\\\\saiha\\\\My_Service\\\\programing\\\\MCP\\\\SharedMemoryServer\\\\src\\\\shared_memory\\\\infra\\\\database.py'), 'function': 'init_db', 'level': (name='INFO', no=20, icon='\u2139\ufe0f'), 'line': 236, 'message': 'Starting table creation/verification sequence...', 'module': 'database', 'name': 'shared_memory.infra.database', 'process': (id=47576, name='MainProcess'), 'thread': (id=6640, name='MainThread'), 'time': datetime(2026, 5, 4, 10, 23, 24, 375984, tzinfo=datetime.timezone(datetime.timedelta(seconds=32400), '\u6771\u4eac (\u6a19\u6e96\u6642)'))}\nTraceback (most recent call last):\n  File "C:\\Users\\saiha\\My_Service\\programing\\MCP\\SharedMemoryServer\\.venv\\Lib\\site-packages\\loguru\\_handler.py", line 206, in emit\n    self._sink.write(str_record)\n  File "C:\\Users\\saiha\\My_Service\\programing\\MCP\\SharedMemoryServer\\.venv\\Lib\\site-packages\\loguru\\_file_sink.py", line 204, in write\n    self._terminate_file(is_rotating=True)\n  File "C:\\Users\\saiha\\My_Service\\programing\\MCP\\SharedMemoryServer\\.venv\\Lib\\site-packages\\loguru\\_file_sink.py", line 276, in _terminate_file\n    os.rename(old_path, renamed_path)\nPermissionError: [WinError 32] \u30d7\u30ed\u30bb\u30b9\u306f\u30d5\u30a1\u30a4\u30eb\u306b\u30a2\u30af\u30bb\u30b9\u3067\u304d\u307e\u305b\u3093\u3002\u5225\u306e\u30d7\u30ed\u30bb\u30b9\u304c\u4f7f\u7528\u4e2d\u3067\u3059\u3002: 'C:\\\\Users\\\\saiha\\\\My_Service\\\\programing\\\\MCP\\\\SharedMemoryServer\\\\logs\\\\server.jsonl' -> 'C:\\\\Users\\\\saiha\\\\My_Service\\\\programing\\\\MCP\\\\SharedMemoryServer\\\\logs\\\\server.2026-05-04_10-00-32_933168.jsonl'\n--- End of logging error ---\n\x1b[32m2026-05-04 10:23:24\x1b[0m | \x1b[1mINFO   \x1b[0m | \x1b[36mshared_memory.infra.database\x1b[0m:\x1b[36minit_db\x1b[0m:\x1b[36m291\x1b[0m - \x1b[1mCore tables (entities, relations, observations, bank_files) verified.\x1b[0m\n--- Logging error in Loguru Handler #2 ---\nRecord was: {'elapsed': datetime.timedelta(seconds=2, microseconds=520462), 'exception': None, 'extra': {'name': 'shared_memory.database'}, 'file': (name='database.py', path='C:\\\\Users\\\\saiha\\\\My_Service\\\\programing\\\\MCP\\\\SharedMemoryServer\\\\src\\\\shared_memory\\\\infra\\\\database.py'), 'function': 'init_db', 'level': (name='INFO', no=20, icon='\u2139\ufe0f'), 'line': 291, 'message': 'Core tables (entities, relations, observations, bank_files) verified.', 'module': 'database', 'name': 'shared_memory.infra.database', 'process': (id=47576, name='MainProcess'), 'thread': (id=6640, name='MainThread'), 'time': datetime(2026, 5, 4, 10, 23, 24, 381174, tzinfo=datetime.timezone(datetime.timedelta(seconds=32400), '\u6771\u4eac (\u6a19\u6e96\u6642)'))}\nTraceback (most recent call last):\n  File "C:\\Users\\saiha\\My_Service\\programing\\MCP\\SharedMemoryServer\\.venv\\Lib\\site-packages\\loguru\\_handler.py", line 206, in emit\n    self._sink.write(str_record)\n  File "C:\\Users\\saiha\\My_Service\\programing\\MCP\\SharedMemoryServer\\.venv\\Lib\\site-packages\\loguru\\_file_sink.py", line 204, in write\n    self._terminate_file(is_rotating=True)\n  File "C:\\Users\\saiha\\My_Service\\programing\\MCP\\SharedMemoryServer\\.venv\\Lib\\site-packages\\loguru\\_file_sink.py", line 276, in _terminate_file\n    os.rename(old_path, renamed_path)\nPermissionError: [WinError 32] \u30d7\u30ed\u30bb\u30b9\u306f\u30d5\u30a1\u30a4\u30eb\u306b\u30a2\u30af\u30bb\u30b9\u3067\u304d\u307e\u305b\u3093\u3002\u5225\u306e\u30d7\u30ed\u30bb\u30b9\u304c\u4f7f\u7528\u4e2d\u3067\u3059\u3002: 'C:\\\\Users\\\\saiha\\\\My_Service\\\\programing\\\\MCP\\\\SharedMemoryServer\\\\logs\\\\server.jsonl' -> 'C:\\\\Users\\\\saiha\\\\My_Service\\\\programing\\\\MCP\\\\SharedMemoryServer\\\\logs\\\\server.2026-05-04_10-00-32_933168.jsonl'\n--- End of logging error ---\n\x1b[32m2026-05-04 10:23:24\x1b[0m | \x1b[1mINFO   \x1b[0m | \x1b[36mshared_memory.migrations.manager\x1b[0m:\x1b[36mrun_migrations\x1b[0m:\x1b[36m81\x1b[0m - \x1b[1mBacking up database to C:\\Users\\saiha\\AppData\\Local\\Temp\\sm_test_ahog_87q\\knowledge.db.20260504102324.bak before migrations...\x1b[0m\n--- Logging error in Loguru Handler #2 ---\nRecord was: {'elapsed': datetime.timedelta(seconds=2, microseconds=543798), 'exception': None, 'extra': {'name': 'shared_memory.migration'}, 'file': (name='manager.py', path='C:\\\\Users\\\\saiha\\\\My_Service\\\\programing\\\\MCP\\\\SharedMemoryServer\\\\src\\\\shared_memory\\\\migrations\\\\manager.py'), 'function': 'run_migrations', 'level': (name='INFO', no=20, icon='\u2139\ufe0f'), 'line': 81, 'message': 'Backing up database to C:\\\\Users\\\\saiha\\\\AppData\\\\Local\\\\Temp\\\\sm_test_ahog_87q\\\\knowledge.db.20260504102324.bak before migrations...', 'module': 'manager', 'name': 'shared_memory.migrations.manager', 'process': (id=47576, name='MainProcess'), 'thread': (id=6640, name='MainThread'), 'time': datetime(2026, 5, 4, 10, 23, 24, 404510, tzinfo=datetime.timezone(datetime.timedelta(seconds=32400), '\u6771\u4eac (\u6a19\u6e96\u6642)'))}\nTraceback (most recent call last):\n  File "C:\\Users\\saiha\\My_Service\\programing\\MCP\\SharedMemoryServer\\.venv\\Lib\\site-packages\\loguru\\_handler.py", line 206, in emit\n    self._sink.write(str_record)\n  File "C:\\Users\\saiha\\My_Service\\programing\\MCP\\SharedMemoryServer\\.venv\\Lib\\site-packages\\loguru\\_file_sink.py", line 204, in write\n    self._terminate_file(is_rotating=True)\n  File "C:\\Users\\saiha\\My_Service\\programing\\MCP\\SharedMemoryServer\\.venv\\Lib\\site-packages\\loguru\\_file_sink.py", line 276, in _terminate_file\n    os.rename(old_path, renamed_path)\nPermissionError: [WinError 32] \u30d7\u30ed\u30bb\u30b9\u306f\u30d5\u30a1\u30a4\u30eb\u306b\u30a2\u30af\u30bb\u30b9\u3067\u304d\u307e\u305b\u3093\u3002\u5225\u306e\u30d7\u30ed\u30bb\u30b9\u304c\u4f7f\u7528\u4e2d\u3067\u3059\u3002: 'C:\\\\Users\\\\saiha\\\\My_Service\\\\programing\\\\MCP\\\\SharedMemoryServer\\\\logs\\\\server.jsonl' -> 'C:\\\\Users\\\\saiha\\\\My_Service\\\\programing\\\\MCP\\\\SharedMemoryServer\\\\logs\\\\server.2026-05-04_10-00-32_933168.jsonl'\n--- End of logging error ---\n\x1b[32m2026-05-04 10:23:24\x1b[0m | \x1b[1mINFO   \x1b[0m | \x1b[36mshared_memory.migrations.manager\x1b[0m:\x1b[36mrun_migrations\x1b[0m:\x1b[36m92\x1b[0m - \x1b[1mApplying migration v1: v001_remove_foreign_keys.py\x1b[0m\n--- Logging error in Loguru Handler #2 ---\nRecord was: {'elapsed': datetime.timedelta(seconds=2, microseconds=547841), 'exception': None, 'extra': {'name': 'shared_memory.migration'}, 'file': (name='manager.py', path='C:\\\\Users\\\\saiha\\\\My_Service\\\\programing\\\\MCP\\\\SharedMemoryServer\\\\src\\\\shared_memory\\\\migrations\\\\manager.py'), 'function': 'run_migrations', 'level': (name='INFO', no=20, icon='\u2139\ufe0f'), 'line': 92, 'message': 'Applying migration v1: v001_remove_foreign_keys.py', 'module': 'manager', 'name': 'shared_memory.migrations.manager', 'process': (id=47576, name='MainProcess'), 'thread': (id=6640, name='MainThread'), 'time': datetime(2026, 5, 4, 10, 23, 24, 408553, tzinfo=datetime.timezone(datetime.timedelta(seconds=32400), '\u6771\u4eac (\u6a19\u6e96\u6642)'))}\nTraceback (most recent call last):\n  File "C:\\Users\\saiha\\My_Service\\programing\\MCP\\SharedMemoryServer\\.venv\\Lib\\site-packages\\loguru\\_handler.py", line 206, in emit\n    self._sink.write(str_record)\n  File "C:\\Users\\saiha\\My_Service\\programing\\MCP\\SharedMemoryServer\\.venv\\Lib\\site-packages\\loguru\\_file_sink.py", line 204, in write\n    self._terminate_file(is_rotating=True)\n  File "C:\\Users\\saiha\\My_Service\\programing\\MCP\\SharedMemoryServer\\.venv\\Lib\\site-packages\\loguru\\_file_sink.py", line 276, in _terminate_file\n    os.rename(old_path, renamed_path)\nPermissionError: [WinError 32] \u30d7\u30ed\u30bb\u30b9\u306f\u30d5\u30a1\u30a4\u30eb\u306b\u30a2\u30af\u30bb\u30b9\u3067\u304d\u307e\u305b\u3093\u3002\u5225\u306e\u30d7\u30ed\u30bb\u30b9\u304c\u4f7f\u7528\u4e2d\u3067\u3059\u3002: 'C:\\\\Users\\\\saiha\\\\My_Service\\\\programing\\\\MCP\\\\SharedMemoryServer\\\\logs\\\\server.jsonl' -> 'C:\\\\Users\\\\saiha\\\\My_Service\\\\programing\\\\MCP\\\\SharedMemoryServer\\\\logs\\\\server.2026-05-04_10-00-32_933168.jsonl'\n--- End of logging error ---\n\x1b[32m2026-05-04 10:23:24\x1b[0m | \x1b[1mINFO   \x1b[0m | \x1b[36mmigration_v1\x1b[0m:\x1b[36mmigrate\x1b[0m:\x1b[36m13\x1b[0m - \x1b[1mStarting Migration v001...\x1b[0m\n--- Logging error in Loguru Handler #2 ---\nRecord was: {'elapsed': datetime.timedelta(seconds=2, microseconds=550861), 'exception': None, 'extra': {'name': 'shared_memory.migration_v001'}, 'file': (name='v001_remove_foreign_keys.py', path='C:\\\\Users\\\\saiha\\\\My_Service\\\\programing\\\\MCP\\\\SharedMemoryServer\\\\src\\\\shared_memory\\\\migrations\\\\versions\\\\v001_remove_foreign_keys.py'), 'function': 'migrate', 'level': (name='INFO', no=20, icon='\u2139\ufe0f'), 'line': 13, 'message': 'Starting Migration v001...', 'module': 'v001_remove_foreign_keys', 'name': 'migration_v1', 'process': (id=47576, name='MainProcess'), 'thread': (id=6640, name='MainThread'), 'time': datetime(2026, 5, 4, 10, 23, 24, 411573, tzinfo=datetime.timezone(datetime.timedelta(seconds=32400), '\u6771\u4eac (\u6a19\u6e96\u6642)'))}\nTraceback (most recent call last):\n  File "C:\\Users\\saiha\\My_Service\\programing\\MCP\\SharedMemoryServer\\.venv\\Lib\\site-packages\\loguru\\_handler.py", line 206, in emit\n    self._sink.write(str_record)\n  File "C:\\Users\\saiha\\My_Service\\programing\\MCP\\SharedMemoryServer\\.venv\\Lib\\site-packages\\loguru\\_file_sink.py", line 204, in write\n    self._terminate_file(is_rotating=True)\n  File "C:\\Users\\saiha\\My_Service\\programing\\MCP\\SharedMemoryServer\\.venv\\Lib\\site-packages\\loguru\\_file_sink.py", line 276, in _terminate_file\n    os.rename(old_path, renamed_path)\nPermissionError: [WinError 32] \u30d7\u30ed\u30bb\u30b9\u306f\u30d5\u30a1\u30a4\u30eb\u306b\u30a2\u30af\u30bb\u30b9\u3067\u304d\u307e\u305b\u3093\u3002\u5225\u306e\u30d7\u30ed\u30bb\u30b9\u304c\u4f7f\u7528\u4e2d\u3067\u3059\u3002: 'C:\\\\Users\\\\saiha\\\\My_Service\\\\programing\\\\MCP\\\\SharedMemoryServer\\\\logs\\\\server.jsonl' -> 'C:\\\\Users\\\\saiha\\\\My_Service\\\\programing\\\\MCP\\\\SharedMemoryServer\\\\logs\\\\server.2026-05-04_10-00-32_933168.jsonl'\n--- End of logging error ---\n\x1b[32m2026-05-04 10:23:24\x1b[0m | \x1b[1mINFO   \x1b[0m | \x1b[36mmigration_v1\x1b[0m:\x1b[36mmigrate\x1b[0m:\x1b[36m20\x1b[0m - \x1b[1mReconstructing 'relations' table...\x1b[0m\n--- Logging error in Loguru Handler #2 ---\nRecord was: {'elapsed': datetime.timedelta(seconds=2, microseconds=551913), 'exception': None, 'extra': {'name': 'shared_memory.migration_v001'}, 'file': (name='v001_remove_foreign_keys.py', path='C:\\\\Users\\\\saiha\\\\My_Service\\\\programing\\\\MCP\\\\SharedMemoryServer\\\\src\\\\shared_memory\\\\migrations\\\\versions\\\\v001_remove_foreign_keys.py'), 'function': 'migrate', 'level': (name='INFO', no=20, icon='\u2139\ufe0f'), 'line': 20, 'message': "Reconstructing 'relations' table...", 'module': 'v001_remove_foreign_keys', 'name': 'migration_v1', 'process': (id=47576, name='MainProcess'), 'thread': (id=6640, name='MainThread'), 'time': datetime(2026, 5, 4, 10, 23, 24, 412625, tzinfo=datetime.timezone(datetime.timedelta(seconds=32400), '\u6771\u4eac (\u6a19\u6e96\u6642)'))}\nTraceback (most recent call last):\n  File "C:\\Users\\saiha\\My_Service\\programing\\MCP\\SharedMemoryServer\\.venv\\Lib\\site-packages\\loguru\\_handler.py", line 206, in emit\n    self._sink.write(str_record)\n  File "C:\\Users\\saiha\\My_Service\\programing\\MCP\\SharedMemoryServer\\.venv\\Lib\\site-packages\\loguru\\_file_sink.py", line 204, in write\n    self._terminate_file(is_rotating=True)\n  File "C:\\Users\\saiha\\My_Service\\programing\\MCP\\SharedMemoryServer\\.venv\\Lib\\site-packages\\loguru\\_file_sink.py", line 276, in _terminate_file\n    os.rename(old_path, renamed_path)\nPermissionError: [WinError 32] \u30d7\u30ed\u30bb\u30b9\u306f\u30d5\u30a1\u30a4\u30eb\u306b\u30a2\u30af\u30bb\u30b9\u3067\u304d\u307e\u305b\u3093\u3002\u5225\u306e\u30d7\u30ed\u30bb\u30b9\u304c\u4f7f\u7528\u4e2d\u3067\u3059\u3002: 'C:\\\\Users\\\\saiha\\\\My_Service\\\\programing\\\\MCP\\\\SharedMemoryServer\\\\logs\\\\server.jsonl' -> 'C:\\\\Users\\\\saiha\\\\My_Service\\\\programing\\\\MCP\\\\SharedMemoryServer\\\\logs\\\\server.2026-05-04_10-00-32_933168.jsonl'\n--- End of logging error ---\n\x1b[32m2026-05-04 10:23:24\x1b[0m | \x1b[1mINFO   \x1b[0m | \x1b[36mmigration_v1\x1b[0m:\x1b[36mmigrate\x1b[0m:\x1b[36m44\x1b[0m - \x1b[1mReconstructing 'observations' table...\x1b[0m\n--- Logging error in Loguru Handler #2 ---\nRecord was: {'elapsed': datetime.timedelta(seconds=2, microseconds=555784), 'exception': None, 'extra': {'name': 'shared_memory.migration_v001'}, 'file': (name='v001_remove_foreign_keys.py', path='C:\\\\Users\\\\saiha\\\\My_Service\\\\programing\\\\MCP\\\\SharedMemoryServer\\\\src\\\\shared_memory\\\\migrations\\\\versions\\\\v001_remove_foreign_keys.py'), 'function': 'migrate', 'level': (name='INFO', no=20, icon='\u2139\ufe0f'), 'line': 44, 'message': "Reconstructing 'observations' table...", 'module': 'v001_remove_foreign_keys', 'name': 'migration_v1', 'process': (id=47576, name='MainProcess'), 'thread': (id=6640, name='MainThread'), 'time': datetime(2026, 5, 4, 10, 23, 24, 416496, tzinfo=datetime.timezone(datetime.timedelta(seconds=32400), '\u6771\u4eac (\u6a19\u6e96\u6642)'))}\nTraceback (most recent call last):\n  File "C:\\Users\\saiha\\My_Service\\programing\\MCP\\SharedMemoryServer\\.venv\\Lib\\site-packages\\loguru\\_handler.py", line 206, in emit\n    self._sink.write(str_record)\n  File "C:\\Users\\saiha\\My_Service\\programing\\MCP\\SharedMemoryServer\\.venv\\Lib\\site-packages\\loguru\\_file_sink.py", line 204, in write\n    self._terminate_file(is_rotating=True)\n  File "C:\\Users\\saiha\\My_Service\\programing\\MCP\\SharedMemoryServer\\.venv\\Lib\\site-packages\\loguru\\_file_sink.py", line 276, in _terminate_file\n    os.rename(old_path, renamed_path)\nPermissionError: [WinError 32] \u30d7\u30ed\u30bb\u30b9\u306f\u30d5\u30a1\u30a4\u30eb\u306b\u30a2\u30af\u30bb\u30b9\u3067\u304d\u307e\u305b\u3093\u3002\u5225\u306e\u30d7\u30ed\u30bb\u30b9\u304c\u4f7f\u7528\u4e2d\u3067\u3059\u3002: 'C:\\\\Users\\\\saiha\\\\My_Service\\\\programing\\\\MCP\\\\SharedMemoryServer\\\\logs\\\\server.jsonl' -> 'C:\\\\Users\\\\saiha\\\\My_Service\\\\programing\\\\MCP\\\\SharedMemoryServer\\\\logs\\\\server.2026-05-04_10-00-32_933168.jsonl'\n--- End of logging error ---\n\x1b[32m2026-05-04 10:23:24\x1b[0m | \x1b[1mINFO   \x1b[0m | \x1b[36mmigration_v1\x1b[0m:\x1b[36mmigrate\x1b[0m:\x1b[36m69\x1b[0m - \x1b[1mMigration v001 completed successfully.\x1b[0m\n--- Logging error in Loguru Handler #2 ---\nRecord was: {'elapsed': datetime.timedelta(seconds=2, microseconds=561374), 'exception': None, 'extra': {'name': 'shared_memory.migration_v001'}, 'file': (name='v001_remove_foreign_keys.py', path='C:\\\\Users\\\\saiha\\\\My_Service\\\\programing\\\\MCP\\\\SharedMemoryServer\\\\src\\\\shared_memory\\\\migrations\\\\versions\\\\v001_remove_foreign_keys.py'), 'function': 'migrate', 'level': (name='INFO', no=20, icon='\u2139\ufe0f'), 'line': 69, 'message': 'Migration v001 completed successfully.', 'module': 'v001_remove_foreign_keys', 'name': 'migration_v1', 'process': (id=47576, name='MainProcess'), 'thread': (id=6640, name='MainThread'), 'time': datetime(2026, 5, 4, 10, 23, 24, 422086, tzinfo=datetime.timezone(datetime.timedelta(seconds=32400), '\u6771\u4eac (\u6a19\u6e96\u6642)'))}\nTraceback (most recent call last):\n  File "C:\\Users\\saiha\\My_Service\\programing\\MCP\\SharedMemoryServer\\.venv\\Lib\\site-packages\\loguru\\_handler.py", line 206, in emit\n    self._sink.write(str_record)\n  File "C:\\Users\\saiha\\My_Service\\programing\\MCP\\SharedMemoryServer\\.venv\\Lib\\site-packages\\loguru\\_file_sink.py", line 204, in write\n    self._terminate_file(is_rotating=True)\n  File "C:\\Users\\saiha\\My_Service\\programing\\MCP\\SharedMemoryServer\\.venv\\Lib\\site-packages\\loguru\\_file_sink.py", line 276, in _terminate_file\n    os.rename(old_path, renamed_path)\nPermissionError: [WinError 32] \u30d7\u30ed\u30bb\u30b9\u306f\u30d5\u30a1\u30a4\u30eb\u306b\u30a2\u30af\u30bb\u30b9\u3067\u304d\u307e\u305b\u3093\u3002\u5225\u306e\u30d7\u30ed\u30bb\u30b9\u304c\u4f7f\u7528\u4e2d\u3067\u3059\u3002: 'C:\\\\Users\\\\saiha\\\\My_Service\\\\programing\\\\MCP\\\\SharedMemoryServer\\\\logs\\\\server.jsonl' -> 'C:\\\\Users\\\\saiha\\\\My_Service\\\\programing\\\\MCP\\\\SharedMemoryServer\\\\logs\\\\server.2026-05-04_10-00-32_933168.jsonl'\n--- End of logging error ---\n\x1b[32m2026-05-04 10:23:24\x1b[0m | \x1b[1mINFO   \x1b[0m | \x1b[36mshared_memory.migrations.manager\x1b[0m:\x1b[36mrun_migrations\x1b[0m:\x1b[36m111\x1b[0m - \x1b[1mSuccessfully applied v1\x1b[0m\n--- Logging error in Loguru Handler #2 ---\nRecord was: {'elapsed': datetime.timedelta(seconds=2, microseconds=562390), 'exception': None, 'extra': {'name': 'shared_memory.migration'}, 'file': (name='manager.py', path='C:\\\\Users\\\\saiha\\\\My_Service\\\\programing\\\\MCP\\\\SharedMemoryServer\\\\src\\\\shared_memory\\\\migrations\\\\manager.py'), 'function': 'run_migrations', 'level': (name='INFO', no=20, icon='\u2139\ufe0f'), 'line': 111, 'message': 'Successfully applied v1', 'module': 'manager', 'name': 'shared_memory.migrations.manager', 'process': (id=47576, name='MainProcess'), 'thread': (id=6640, name='MainThread'), 'time': datetime(2026, 5, 4, 10, 23, 24, 423102, tzinfo=datetime.timezone(datetime.timedelta(seconds=32400), '\u6771\u4eac (\u6a19\u6e96\u6642)'))}\nTraceback (most recent call last):\n  File "C:\\Users\\saiha\\My_Service\\programing\\MCP\\SharedMemoryServer\\.venv\\Lib\\site-packages\\loguru\\_handler.py", line 206, in emit\n    self._sink.write(str_record)\n  File "C:\\Users\\saiha\\My_Service\\programing\\MCP\\SharedMemoryServer\\.venv\\Lib\\site-packages\\loguru\\_file_sink.py", line 204, in write\n    self._terminate_file(is_rotating=True)\n  File "C:\\Users\\saiha\\My_Service\\programing\\MCP\\SharedMemoryServer\\.venv\\Lib\\site-packages\\loguru\\_file_sink.py", line 276, in _terminate_file\n    os.rename(old_path, renamed_path)\nPermissionError: [WinError 32] \u30d7\u30ed\u30bb\u30b9\u306f\u30d5\u30a1\u30a4\u30eb\u306b\u30a2\u30af\u30bb\u30b9\u3067\u304d\u307e\u305b\u3093\u3002\u5225\u306e\u30d7\u30ed\u30bb\u30b9\u304c\u4f7f\u7528\u4e2d\u3067\u3059\u3002: 'C:\\\\Users\\\\saiha\\\\My_Service\\\\programing\\\\MCP\\\\SharedMemoryServer\\\\logs\\\\server.jsonl' -> 'C:\\\\Users\\\\saiha\\\\My_Service\\\\programing\\\\MCP\\\\SharedMemoryServer\\\\logs\\\\server.2026-05-04_10-00-32_933168.jsonl'\n--- End of logging error ---\n\x1b[32m2026-05-04 10:23:24\x1b[0m | \x1b[1mINFO   \x1b[0m | \x1b[36mshared_memory.migrations.manager\x1b[0m:\x1b[36mrun_migrations\x1b[0m:\x1b[36m119\x1b[0m - \x1b[1mAll pending migrations applied successfully.\x1b[0m\n--- Logging error in Loguru Handler #2 ---\nRecord was: {'elapsed': datetime.timedelta(seconds=2, microseconds=564975), 'exception': None, 'extra': {'name': 'shared_memory.migration'}, 'file': (name='manager.py', path='C:\\\\Users\\\\saiha\\\\My_Service\\\\programing\\\\MCP\\\\SharedMemoryServer\\\\src\\\\shared_memory\\\\migrations\\\\manager.py'), 'function': 'run_migrations', 'level': (name='INFO', no=20, icon='\u2139\ufe0f'), 'line': 119, 'message': 'All pending migrations applied successfully.', 'module': 'manager', 'name': 'shared_memory.migrations.manager', 'process': (id=47576, name='MainProcess'), 'thread': (id=6640, name='MainThread'), 'time': datetime(2026, 5, 4, 10, 23, 24, 425687, tzinfo=datetime.timezone(datetime.timedelta(seconds=32400), '\u6771\u4eac (\u6a19\u6e96\u6642)'))}\nTraceback (most recent call last):\n  File "C:\\Users\\saiha\\My_Service\\programing\\MCP\\SharedMemoryServer\\.venv\\Lib\\site-packages\\loguru\\_handler.py", line 206, in emit\n    self._sink.write(str_record)\n  File "C:\\Users\\saiha\\My_Service\\programing\\MCP\\SharedMemoryServer\\.venv\\Lib\\site-packages\\loguru\\_file_sink.py", line 204, in write\n    self._terminate_file(is_rotating=True)\n  File "C:\\Users\\saiha\\My_Service\\programing\\MCP\\SharedMemoryServer\\.venv\\Lib\\site-packages\\loguru\\_file_sink.py", line 276, in _terminate_file\n    os.rename(old_path, renamed_path)\nPermissionError: [WinError 32] \u30d7\u30ed\u30bb\u30b9\u306f\u30d5\u30a1\u30a4\u30eb\u306b\u30a2\u30af\u30bb\u30b9\u3067\u304d\u307e\u305b\u3093\u3002\u5225\u306e\u30d7\u30ed\u30bb\u30b9\u304c\u4f7f\u7528\u4e2d\u3067\u3059\u3002: 'C:\\\\Users\\\\saiha\\\\My_Service\\\\programing\\\\MCP\\\\SharedMemoryServer\\\\logs\\\\server.jsonl' -> 'C:\\\\Users\\\\saiha\\\\My_Service\\\\programing\\\\MCP\\\\SharedMemoryServer\\\\logs\\\\server.2026-05-04_10-00-32_933168.jsonl'\n--- End of logging error ---\n\x1b[32m2026-05-04 10:23:24\x1b[0m | \x1b[1mINFO   \x1b[0m | \x1b[36mshared_memory.infra.database\x1b[0m:\x1b[36minit_db\x1b[0m:\x1b[36m516\x1b[0m - \x1b[1mMain database initialization successful.\x1b[0m\n--- Logging error in Loguru Handler #2 ---\nRecord was: {'elapsed': datetime.timedelta(seconds=2, microseconds=567030), 'exception': None, 'extra': {'name': 'shared_memory.database'}, 'file': (name='database.py', path='C:\\\\Users\\\\saiha\\\\My_Service\\\\programing\\\\MCP\\\\SharedMemoryServer\\\\src\\\\shared_memory\\\\infra\\\\database.py'), 'function': 'init_db', 'level': (name='INFO', no=20, icon='\u2139\ufe0f'), 'line': 516, 'message': 'Main database initialization successful.', 'module': 'database', 'name': 'shared_memory.infra.database', 'process': (id=47576, name='MainProcess'), 'thread': (id=6640, name='MainThread'), 'time': datetime(2026, 5, 4, 10, 23, 24, 427742, tzinfo=datetime.timezone(datetime.timedelta(seconds=32400), '\u6771\u4eac (\u6a19\u6e96\u6642)'))}\nTraceback (most recent call last):\n  File "C:\\Users\\saiha\\My_Service\\programing\\MCP\\SharedMemoryServer\\.venv\\Lib\\site-packages\\loguru\\_handler.py", line 206, in emit\n    self._sink.write(str_record)\n  File "C:\\Users\\saiha\\My_Service\\programing\\MCP\\SharedMemoryServer\\.venv\\Lib\\site-packages\\loguru\\_file_sink.py", line 204, in write\n    self._terminate_file(is_rotating=True)\n  File "C:\\Users\\saiha\\My_Service\\programing\\MCP\\SharedMemoryServer\\.venv\\Lib\\site-packages\\loguru\\_file_sink.py", line 276, in _terminate_file\n    os.rename(old_path, renamed_path)\nPermissionError: [WinError 32] \u30d7\u30ed\u30bb\u30b9\u306f\u30d5\u30a1\u30a4\u30eb\u306b\u30a2\u30af\u30bb\u30b9\u3067\u304d\u307e\u305b\u3093\u3002\u5225\u306e\u30d7\u30ed\u30bb\u30b9\u304c\u4f7f\u7528\u4e2d\u3067\u3059\u3002: 'C:\\\\Users\\\\saiha\\\\My_Service\\\\programing\\\\MCP\\\\SharedMemoryServer\\\\logs\\\\server.jsonl' -> 'C:\\\\Users\\\\saiha\\\\My_Service\\\\programing\\\\MCP\\\\SharedMemoryServer\\\\logs\\\\server.2026-05-04_10-00-32_933168.jsonl'\n--- End of logging error ---\n\x1b[32m2026-05-04 10:23:24\x1b[0m | \x1b[1mINFO   \x1b[0m | \x1b[36mshared_memory.common.utils\x1b[0m:\x1b[36mlog_info\x1b[0m:\x1b[36m57\x1b[0m - \x1b[1mInitializing thoughts database at C:\\Users\\saiha\\AppData\\Local\\Temp\\sm_test_ahog_87q\\thoughts.db...\x1b[0m\n--- Logging error in Loguru Handler #2 ---\nRecord was: {'elapsed': datetime.timedelta(seconds=2, microseconds=567030), 'exception': None, 'extra': {}, 'file': (name='utils.py', path='C:\\\\Users\\\\saiha\\\\My_Service\\\\programing\\\\MCP\\\\SharedMemoryServer\\\\src\\\\shared_memory\\\\common\\\\utils.py'), 'function': 'log_info', 'level': (name='INFO', no=20, icon='\u2139\ufe0f'), 'line': 57, 'message': 'Initializing thoughts database at C:\\\\Users\\\\saiha\\\\AppData\\\\Local\\\\Temp\\\\sm_test_ahog_87q\\\\thoughts.db...', 'module': 'utils', 'name': 'shared_memory.common.utils', 'process': (id=47576, name='MainProcess'), 'thread': (id=6640, name='MainThread'), 'time': datetime(2026, 5, 4, 10, 23, 24, 427742, tzinfo=datetime.timezone(datetime.timedelta(seconds=32400), '\u6771\u4eac (\u6a19\u6e96\u6642)'))}\nTraceback (most recent call last):\n  File "C:\\Users\\saiha\\My_Service\\programing\\MCP\\SharedMemoryServer\\.venv\\Lib\\site-packages\\loguru\\_handler.py", line 206, in emit\n    self._sink.write(str_record)\n  File "C:\\Users\\saiha\\My_Service\\programing\\MCP\\SharedMemoryServer\\.venv\\Lib\\site-packages\\loguru\\_file_sink.py", line 204, in write\n    self._terminate_file(is_rotating=True)\n  File "C:\\Users\\saiha\\My_Service\\programing\\MCP\\SharedMemoryServer\\.venv\\Lib\\site-packages\\loguru\\_file_sink.py", line 276, in _terminate_file\n    os.rename(old_path, renamed_path)\nPermissionError: [WinError 32] \u30d7\u30ed\u30bb\u30b9\u306f\u30d5\u30a1\u30a4\u30eb\u306b\u30a2\u30af\u30bb\u30b9\u3067\u304d\u307e\u305b\u3093\u3002\u5225\u306e\u30d7\u30ed\u30bb\u30b9\u304c\u4f7f\u7528\u4e2d\u3067\u3059\u3002: 'C:\\\\Users\\\\saiha\\\\My_Service\\\\programing\\\\MCP\\\\SharedMemoryServer\\\\logs\\\\server.jsonl' -> 'C:\\\\Users\\\\saiha\\\\My_Service\\\\programing\\\\MCP\\\\SharedMemoryServer\\\\logs\\\\server.2026-05-04_10-00-32_933168.jsonl'\n--- End of logging error ---\n\x1b[32m2026-05-04 10:23:24\x1b[0m | \x1b[1mINFO   \x1b[0m | \x1b[36mshared_memory.infra.database\x1b[0m:\x1b[36m__aenter__\x1b[0m:\x1b[36m99\x1b[0m - \x1b[1mEstablishing NEW thoughts singleton: C:\\Users\\saiha\\AppData\\Local\\Temp\\sm_test_ahog_87q\\thoughts.db\x1b[0m\n--- Logging error in Loguru Handler #2 ---\nRecord was: {'elapsed': datetime.timedelta(seconds=2, microseconds=570047), 'exception': None, 'extra': {'name': 'shared_memory.database'}, 'file': (name='database.py', path='C:\\\\Users\\\\saiha\\\\My_Service\\\\programing\\\\MCP\\\\SharedMemoryServer\\\\src\\\\shared_memory\\\\infra\\\\database.py'), 'function': '__aenter__', 'level': (name='INFO', no=20, icon='\u2139\ufe0f'), 'line': 99, 'message': 'Establishing NEW thoughts singleton: C:\\\\Users\\\\saiha\\\\AppData\\\\Local\\\\Temp\\\\sm_test_ahog_87q\\\\thoughts.db', 'module': 'database', 'name': 'shared_memory.infra.database', 'process': (id=47576, name='MainProcess'), 'thread': (id=6640, name='MainThread'), 'time': datetime(2026, 5, 4, 10, 23, 24, 430759, tzinfo=datetime.timezone(datetime.timedelta(seconds=32400), '\u6771\u4eac (\u6a19\u6e96\u6642)'))}\nTraceback (most recent call last):\n  File "C:\\Users\\saiha\\My_Service\\programing\\MCP\\SharedMemoryServer\\.venv\\Lib\\site-packages\\loguru\\_handler.py", line 206, in emit\n    self._sink.write(str_record)\n  File "C:\\Users\\saiha\\My_Service\\programing\\MCP\\SharedMemoryServer\\.venv\\Lib\\site-packages\\loguru\\_file_sink.py", line 204, in write\n    self._terminate_file(is_rotating=True)\n  File "C:\\Users\\saiha\\My_Service\\programing\\MCP\\SharedMemoryServer\\.venv\\Lib\\site-packages\\loguru\\_file_sink.py", line 276, in _terminate_file\n    os.rename(old_path, renamed_path)\nPermissionError: [WinError 32] \u30d7\u30ed\u30bb\u30b9\u306f\u30d5\u30a1\u30a4\u30eb\u306b\u30a2\u30af\u30bb\u30b9\u3067\u304d\u307e\u305b\u3093\u3002\u5225\u306e\u30d7\u30ed\u30bb\u30b9\u304c\u4f7f\u7528\u4e2d\u3067\u3059\u3002: 'C:\\\\Users\\\\saiha\\\\My_Service\\\\programing\\\\MCP\\\\SharedMemoryServer\\\\logs\\\\server.jsonl' -> 'C:\\\\Users\\\\saiha\\\\My_Service\\\\programing\\\\MCP\\\\SharedMemoryServer\\\\logs\\\\server.2026-05-04_10-00-32_933168.jsonl'\n--- End of logging error ---\n\x1b[32m2026-05-04 10:23:24\x1b[0m | \x1b[1mINFO   \x1b[0m | \x1b[36mshared_memory.infra.database\x1b[0m:\x1b[36m__aenter__\x1b[0m:\x1b[36m104\x1b[0m - \x1b[1mThoughts connection PRAGMAs configured (WAL/NORMAL).\x1b[0m\n--- Logging error in Loguru Handler #2 ---\nRecord was: {'elapsed': datetime.timedelta(seconds=2, microseconds=575690), 'exception': None, 'extra': {'name': 'shared_memory.database'}, 'file': (name='database.py', path='C:\\\\Users\\\\saiha\\\\My_Service\\\\programing\\\\MCP\\\\SharedMemoryServer\\\\src\\\\shared_memory\\\\infra\\\\database.py'), 'function': '__aenter__', 'level': (name='INFO', no=20, icon='\u2139\ufe0f'), 'line': 104, 'message': 'Thoughts connection PRAGMAs configured (WAL/NORMAL).', 'module': 'database', 'name': 'shared_memory.infra.database', 'process': (id=47576, name='MainProcess'), 'thread': (id=6640, name='MainThread'), 'time': datetime(2026, 5, 4, 10, 23, 24, 436402, tzinfo=datetime.timezone(datetime.timedelta(seconds=32400), '\u6771\u4eac (\u6a19\u6e96\u6642)'))}\nTraceback (most recent call last):\n  File "C:\\Users\\saiha\\My_Service\\programing\\MCP\\SharedMemoryServer\\.venv\\Lib\\site-packages\\loguru\\_handler.py", line 206, in emit\n    self._sink.write(str_record)\n  File "C:\\Users\\saiha\\My_Service\\programing\\MCP\\SharedMemoryServer\\.venv\\Lib\\site-packages\\loguru\\_file_sink.py", line 204, in write\n    self._terminate_file(is_rotating=True)\n  File "C:\\Users\\saiha\\My_Service\\programing\\MCP\\SharedMemoryServer\\.venv\\Lib\\site-packages\\loguru\\_file_sink.py", line 276, in _terminate_file\n    os.rename(old_path, renamed_path)\nPermissionError: [WinError 32] \u30d7\u30ed\u30bb\u30b9\u306f\u30d5\u30a1\u30a4\u30eb\u306b\u30a2\u30af\u30bb\u30b9\u3067\u304d\u307e\u305b\u3093\u3002\u5225\u306e\u30d7\u30ed\u30bb\u30b9\u304c\u4f7f\u7528\u4e2d\u3067\u3059\u3002: 'C:\\\\Users\\\\saiha\\\\My_Service\\\\programing\\\\MCP\\\\SharedMemoryServer\\\\logs\\\\server.jsonl' -> 'C:\\\\Users\\\\saiha\\\\My_Service\\\\programing\\\\MCP\\\\SharedMemoryServer\\\\logs\\\\server.2026-05-04_10-00-32_933168.jsonl'\n--- End of logging error ---\n\x1b[32m2026-05-04 10:23:24\x1b[0m | \x1b[1mINFO   \x1b[0m | \x1b[36mshared_memory.common.utils\x1b[0m:\x1b[36mlog_info\x1b[0m:\x1b[36m57\x1b[0m - \x1b[1mThoughts database initialization successful (FTS5 enabled).\x1b[0m\n--- Logging error in Loguru Handler #2 ---\nRecord was: {'elapsed': datetime.timedelta(seconds=2, microseconds=583057), 'exception': None, 'extra': {}, 'file': (name='utils.py', path='C:\\\\Users\\\\saiha\\\\My_Service\\\\programing\\\\MCP\\\\SharedMemoryServer\\\\src\\\\shared_memory\\\\common\\\\utils.py'), 'function': 'log_info', 'level': (name='INFO', no=20, icon='\u2139\ufe0f'), 'line': 57, 'message': 'Thoughts database initialization successful (FTS5 enabled).', 'module': 'utils', 'name': 'shared_memory.common.utils', 'process': (id=47576, name='MainProcess'), 'thread': (id=6640, name='MainThread'), 'time': datetime(2026, 5, 4, 10, 23, 24, 443769, tzinfo=datetime.timezone(datetime.timedelta(seconds=32400), '\u6771\u4eac (\u6a19\u6e96\u6642)'))}\nTraceback (most recent call last):\n  File "C:\\Users\\saiha\\My_Service\\programing\\MCP\\SharedMemoryServer\\.venv\\Lib\\site-packages\\loguru\\_handler.py", line 206, in emit\n    self._sink.write(str_record)\n  File "C:\\Users\\saiha\\My_Service\\programing\\MCP\\SharedMemoryServer\\.venv\\Lib\\site-packages\\loguru\\_file_sink.py", line 204, in write\n    self._terminate_file(is_rotating=True)\n  File "C:\\Users\\saiha\\My_Service\\programing\\MCP\\SharedMemoryServer\\.venv\\Lib\\site-packages\\loguru\\_file_sink.py", line 276, in _terminate_file\n    os.rename(old_path, renamed_path)\nPermissionError: [WinError 32] \u30d7\u30ed\u30bb\u30b9\u306f\u30d5\u30a1\u30a4\u30eb\u306b\u30a2\u30af\u30bb\u30b9\u3067\u304d\u307e\u305b\u3093\u3002\u5225\u306e\u30d7\u30ed\u30bb\u30b9\u304c\u4f7f\u7528\u4e2d\u3067\u3059\u3002: 'C:\\\\Users\\\\saiha\\\\My_Service\\\\programing\\\\MCP\\\\SharedMemoryServer\\\\logs\\\\server.jsonl' -> 'C:\\\\Users\\\\saiha\\\\My_Service\\\\programing\\\\MCP\\\\SharedMemoryServer\\\\logs\\\\server.2026-05-04_10-00-32_933168.jsonl'\n--- End of logging error ---
-------------------------- Captured stdout teardown ---------------------------
\x1b[32m2026-05-04 10:23:24\x1b[0m | \x1b[1mINFO   \x1b[0m | \x1b[36mshared_memory.infra.database\x1b[0m:\x1b[36mclose_all_connections\x1b[0m:\x1b[36m151\x1b[0m - \x1b[1mClosing all singleton database connections...\x1b[0m\n--- Logging error in Loguru Handler #2 ---\nRecord was: {'elapsed': datetime.timedelta(seconds=3, microseconds=44434), 'exception': None, 'extra': {'name': 'shared_memory.database'}, 'file': (name='database.py', path='C:\\\\Users\\\\saiha\\\\My_Service\\\\programing\\\\MCP\\\\SharedMemoryServer\\\\src\\\\shared_memory\\\\infra\\\\database.py'), 'function': 'close_all_connections', 'level': (name='INFO', no=20, icon='\u2139\ufe0f'), 'line': 151, 'message': 'Closing all singleton database connections...', 'module': 'database', 'name': 'shared_memory.infra.database', 'process': (id=47576, name='MainProcess'), 'thread': (id=6640, name='MainThread'), 'time': datetime(2026, 5, 4, 10, 23, 24, 905146, tzinfo=datetime.timezone(datetime.timedelta(seconds=32400), '\u6771\u4eac (\u6a19\u6e96\u6642)'))}\nTraceback (most recent call last):\n  File "C:\\Users\\saiha\\My_Service\\programing\\MCP\\SharedMemoryServer\\.venv\\Lib\\site-packages\\loguru\\_handler.py", line 206, in emit\n    self._sink.write(str_record)\n  File "C:\\Users\\saiha\\My_Service\\programing\\MCP\\SharedMemoryServer\\.venv\\Lib\\site-packages\\loguru\\_file_sink.py", line 204, in write\n    self._terminate_file(is_rotating=True)\n  File "C:\\Users\\saiha\\My_Service\\programing\\MCP\\SharedMemoryServer\\.venv\\Lib\\site-packages\\loguru\\_file_sink.py", line 276, in _terminate_file\n    os.rename(old_path, renamed_path)\nPermissionError: [WinError 32] \u30d7\u30ed\u30bb\u30b9\u306f\u30d5\u30a1\u30a4\u30eb\u306b\u30a2\u30af\u30bb\u30b9\u3067\u304d\u307e\u305b\u3093\u3002\u5225\u306e\u30d7\u30ed\u30bb\u30b9\u304c\u4f7f\u7528\u4e2d\u3067\u3059\u3002: 'C:\\\\Users\\\\saiha\\\\My_Service\\\\programing\\\\MCP\\\\SharedMemoryServer\\\\logs\\\\server.jsonl' -> 'C:\\\\Users\\\\saiha\\\\My_Service\\\\programing\\\\MCP\\\\SharedMemoryServer\\\\logs\\\\server.2026-05-04_10-00-32_933168.jsonl'\n--- End of logging error ---
=========================== short test summary info ===========================
FAILED tests/unit/test_server_robustness.py::test_ensure_initialized_waits - ...
============================== 1 failed in 3.13s ==============================
